Copyright 1986-2020 Xilinx, Inc. All Rights Reserved.
-------------------------------------------------------------------------------------------------------------------------
| Tool Version : Vivado v.2020.1 (lin64) Build 2902540 Wed May 27 19:54:35 MDT 2020
| Date         : Mon Mar 15 15:59:27 2021
| Host         : tp-1a201-07 running 64-bit Debian GNU/Linux 10 (buster)
| Command      : report_timing -nworst 1 -delay_type max -sort_by group -file reports_cva6_ooc_synth/cva6_ooc.timing.rpt
| Design       : ariane
| Device       : 7z020-clg400
| Speed File   : -1  PRODUCTION 1.12 2019-11-22
-------------------------------------------------------------------------------------------------------------------------

Timing Report

Slack:                    inf
  Source:                 issue_stage_i/i_scoreboard/mem_q_reg[5][sbe][valid]/C
                            (rising edge-triggered cell FDCE)
  Destination:            i_frontend/i_instr_queue/i_fifo_address/read_pointer_q_reg[1]/D
  Path Group:             (none)
  Path Type:              Max at Slow Process Corner
  Data Path Delay:        19.105ns  (logic 4.755ns (24.889%)  route 14.350ns (75.111%))
  Logic Levels:           29  (FDCE=1 LUT2=1 LUT3=2 LUT4=4 LUT5=5 LUT6=14 MUXF7=2)

    Location             Delay type                Incr(ns)  Path(ns)    Netlist Resource(s)
  -------------------------------------------------------------------    -------------------
                         FDCE                         0.000     0.000 r  issue_stage_i/i_scoreboard/mem_q_reg[5][sbe][valid]/C
                         FDCE (Prop_fdce_C_Q)         0.518     0.518 r  issue_stage_i/i_scoreboard/mem_q_reg[5][sbe][valid]/Q
                         net (fo=5, unplaced)         0.993     1.511    issue_stage_i/i_scoreboard/mem_q_reg[5][sbe][valid]__0
                         LUT6 (Prop_lut6_I0_O)        0.295     1.806 r  issue_stage_i/i_scoreboard/scause_q[31]_i_10/O
                         net (fo=1, unplaced)         0.000     1.806    issue_stage_i/i_scoreboard/scause_q[31]_i_10_n_0
                         MUXF7 (Prop_muxf7_I1_O)      0.247     2.053 r  issue_stage_i/i_scoreboard/scause_q_reg[31]_i_5/O
                         net (fo=40, unplaced)        1.191     3.244    issue_stage_i/i_scoreboard/commit_pointer_q_reg[0][2]_1
                         LUT6 (Prop_lut6_I1_O)        0.298     3.542 f  issue_stage_i/i_scoreboard/perf_counter_q[2822][30]_i_4/O
                         net (fo=50, unplaced)        0.531     4.073    issue_stage_i/i_scoreboard/wfi_q_reg_0
                         LUT6 (Prop_lut6_I2_O)        0.124     4.197 r  issue_stage_i/i_scoreboard/stvec_q[31]_i_32/O
                         net (fo=1, unplaced)         0.449     4.646    issue_stage_i/i_scoreboard/stvec_q[31]_i_32_n_0
                         LUT6 (Prop_lut6_I2_O)        0.124     4.770 r  issue_stage_i/i_scoreboard/stvec_q[31]_i_15/O
                         net (fo=5, unplaced)         0.477     5.247    ex_stage_i/csr_buffer_i/pmpcfg_q_reg[3][access_type][r]_1
                         LUT5 (Prop_lut5_I3_O)        0.124     5.371 r  ex_stage_i/csr_buffer_i/stvec_q[31]_i_3/O
                         net (fo=30, unplaced)        0.519     5.890    issue_stage_i/i_scoreboard/mcause_q_reg[1]_0
                         LUT6 (Prop_lut6_I2_O)        0.124     6.014 r  issue_stage_i/i_scoreboard/scause_q[1]_i_2/O
                         net (fo=10, unplaced)        0.492     6.506    issue_stage_i/i_scoreboard/ex_commit[cause][1]
                         LUT5 (Prop_lut5_I2_O)        0.124     6.630 f  issue_stage_i/i_scoreboard/mstatus_q[mie]_i_4/O
                         net (fo=4, unplaced)         0.473     7.103    issue_stage_i/i_scoreboard/mstatus_q[mie]_i_7_0
                         LUT2 (Prop_lut2_I0_O)        0.124     7.227 f  issue_stage_i/i_scoreboard/dcsr_q[cause][7]_i_4/O
                         net (fo=5, unplaced)         0.447     7.674    issue_stage_i/i_scoreboard/dcsr_q[cause][7]_i_4_n_0
                         LUT6 (Prop_lut6_I1_O)        0.124     7.798 f  issue_stage_i/i_scoreboard/fetch_entry_ready_o0__0_i_4/O
                         net (fo=36, unplaced)        0.523     8.321    issue_stage_i/i_scoreboard/set_debug_pc
                         LUT4 (Prop_lut4_I2_O)        0.124     8.445 f  issue_stage_i/i_scoreboard/commit_pointer_q[0][2]_i_4/O
                         net (fo=77, unplaced)        0.542     8.987    ex_stage_i/i_mult/i_div/flush_ctrl_id
                         LUT5 (Prop_lut5_I1_O)        0.124     9.111 r  ex_stage_i/i_mult/i_div/mem_q[0][sbe][bp][predict_address][31]_i_13/O
                         net (fo=36, unplaced)        0.523     9.634    issue_stage_i/i_issue_read_operands/mult_valid_0
                         LUT5 (Prop_lut5_I3_O)        0.124     9.758 r  issue_stage_i/i_issue_read_operands/mem_q[0][sbe][bp][predict_address][31]_i_6/O
                         net (fo=56, unplaced)        0.534    10.292    issue_stage_i/i_scoreboard/flu_trans_id_ex_id[1]
                         LUT6 (Prop_lut6_I3_O)        0.124    10.416 r  issue_stage_i/i_scoreboard/operand_a_q[31]_i_85/O
                         net (fo=1, unplaced)         0.000    10.416    issue_stage_i/i_scoreboard/operand_a_q[31]_i_85_n_0
                         MUXF7 (Prop_muxf7_I1_O)      0.247    10.663 r  issue_stage_i/i_scoreboard/operand_a_q_reg[31]_i_81/O
                         net (fo=2, unplaced)         0.916    11.579    id_stage_i/operand_a_q[31]_i_39
                         LUT6 (Prop_lut6_I1_O)        0.298    11.877 r  id_stage_i/operand_a_q[31]_i_62/O
                         net (fo=1, unplaced)         0.449    12.326    issue_stage_i/i_scoreboard/operand_a_q[31]_i_16_0
                         LUT6 (Prop_lut6_I5_O)        0.124    12.450 r  issue_stage_i/i_scoreboard/operand_a_q[31]_i_39/O
                         net (fo=5, unplaced)         0.477    12.927    issue_stage_i/i_scoreboard/issue_q_reg[sbe][rs1][4]
                         LUT6 (Prop_lut6_I1_O)        0.124    13.051 r  issue_stage_i/i_scoreboard/mult_valid_q_i_137/O
                         net (fo=6, unplaced)         0.481    13.532    issue_stage_i/i_scoreboard/mult_valid_q_i_137_n_0
                         LUT5 (Prop_lut5_I2_O)        0.124    13.656 r  issue_stage_i/i_scoreboard/mult_valid_q_i_54/O
                         net (fo=1, unplaced)         0.449    14.105    issue_stage_i/i_scoreboard/mult_valid_q_i_54_n_0
                         LUT3 (Prop_lut3_I2_O)        0.124    14.229 r  issue_stage_i/i_scoreboard/mult_valid_q_i_16/O
                         net (fo=7, unplaced)         0.484    14.713    id_stage_i/rs1_valid_sb_iro
                         LUT6 (Prop_lut6_I5_O)        0.124    14.837 r  id_stage_i/mult_valid_q_i_3/O
                         net (fo=11, unplaced)        0.495    15.332    issue_stage_i/i_scoreboard/fetch_entry_ready_o0_i_1_0
                         LUT6 (Prop_lut6_I3_O)        0.124    15.456 r  issue_stage_i/i_scoreboard/fetch_entry_ready_o0_i_3/O
                         net (fo=2, unplaced)         0.460    15.916    issue_stage_i/i_scoreboard/issue_ack_iro_sb
                         LUT4 (Prop_lut4_I0_O)        0.124    16.040 r  issue_stage_i/i_scoreboard/fetch_entry_ready_o0_i_1/O
                         net (fo=2, unplaced)         0.460    16.500    id_stage_i/issue_ack_sb_rename
                         LUT3 (Prop_lut3_I1_O)        0.124    16.624 r  id_stage_i/fetch_entry_ready_o0/O
                         net (fo=175, unplaced)       0.563    17.187    i_frontend/i_instr_queue/gen_instr_fifo[1].i_fifo_instr_data/status_cnt_q_reg[0]_1[0]
                         LUT6 (Prop_lut6_I5_O)        0.124    17.311 f  i_frontend/i_instr_queue/gen_instr_fifo[1].i_fifo_instr_data/status_cnt_q[2]_i_4__3/O
                         net (fo=1, unplaced)         0.449    17.760    i_frontend/i_instr_queue/gen_instr_fifo[0].i_fifo_instr_data/pc_q_reg[0]_2
                         LUT6 (Prop_lut6_I3_O)        0.124    17.884 f  i_frontend/i_instr_queue/gen_instr_fifo[0].i_fifo_instr_data/status_cnt_q[2]_i_2__4/O
                         net (fo=37, unplaced)        0.524    18.408    i_frontend/i_instr_queue/i_fifo_address/status_cnt_q_reg[0]_0
                         LUT4 (Prop_lut4_I3_O)        0.124    18.532 r  i_frontend/i_instr_queue/i_fifo_address/read_pointer_q[1]_i_2__2/O
                         net (fo=1, unplaced)         0.449    18.981    i_frontend/i_instr_queue/i_fifo_address/read_pointer_q[1]_i_2__2_n_0
                         LUT4 (Prop_lut4_I2_O)        0.124    19.105 r  i_frontend/i_instr_queue/i_fifo_address/read_pointer_q[1]_i_1__3/O
                         net (fo=1, unplaced)         0.000    19.105    i_frontend/i_instr_queue/i_fifo_address/read_pointer_q[1]_i_1__3_n_0
                         FDCE                                         r  i_frontend/i_instr_queue/i_fifo_address/read_pointer_q_reg[1]/D
  -------------------------------------------------------------------    -------------------




